// Jest Snapshot v1, https://goo.gl/fbAQLP

exports[`App component renders App 1`] = `
<DocumentFragment>
  <div
    class="App"
  >
    <h1>
      Pick a Toon
    </h1>
    <main>
      <h1>
        Loading...
      </h1>
    </main>
  </div>
</DocumentFragment>
`;
